exports[`test renders the PlayersTable component (a table, populated by props!) 1`] = `
<table
  className="table table-striped">
  <thead>
    <tr>
      <th
        className="text-left">
        Username
      </th>
      <th
        className="text-left">
        Team
      </th>
      <th
        className="text-left">
        Stars
      </th>
      <th
        className="text-left">
        Overall Rank
      </th>
    </tr>
  </thead>
  <tbody>
    <tr>
      <td
        className="text-left">
        Kyle
      </td>
      <td
        className="text-left">
        DM
      </td>
      <td
        className="text-left">
        19
      </td>
      <td
        className="text-left">
        1st
      </td>
    </tr>
    <tr>
      <td
        className="text-left">
        Roberta
      </td>
      <td
        className="text-left">
        AD
      </td>
      <td
        className="text-left">
        17
      </td>
      <td
        className="text-left">
        2nd
      </td>
    </tr>
    <tr>
      <td
        className="text-left">
        Wilfred
      </td>
      <td
        className="text-left">
        UI
      </td>
      <td
        className="text-left">
        15
      </td>
      <td
        className="text-left">
        3rd
      </td>
    </tr>
    <tr>
      <td
        className="text-left">
        Zoe
      </td>
      <td
        className="text-left">
        AD
      </td>
      <td
        className="text-left">
        14
      </td>
      <td
        className="text-left">
        4th
      </td>
    </tr>
    <tr>
      <td
        className="text-left">
        Thomas
      </td>
      <td
        className="text-left">
        UX
      </td>
      <td
        className="text-left">
        12
      </td>
      <td
        className="text-left">
        5th
      </td>
    </tr>
    <tr>
      <td
        className="text-left">
        Chloe
      </td>
      <td
        className="text-left">
        DM
      </td>
      <td
        className="text-left">
        11
      </td>
      <td
        className="text-left">
        6th
      </td>
    </tr>
    <tr>
      <td
        className="text-left">
        Donatello
      </td>
      <td
        className="text-left">
        UI
      </td>
      <td
        className="text-left">
        9
      </td>
      <td
        className="text-left">
        7th
      </td>
    </tr>
    <tr>
      <td
        className="text-left">
        Mike
      </td>
      <td
        className="text-left">
        UX
      </td>
      <td
        className="text-left">
        8
      </td>
      <td
        className="text-left">
        8th
      </td>
    </tr>
    <tr>
      <td
        className="text-left">
        Clarence
      </td>
      <td
        className="text-left">
        WD
      </td>
      <td
        className="text-left">
        7
      </td>
      <td
        className="text-left">
        9th
      </td>
    </tr>
    <tr>
      <td
        className="text-left">
        Audrey
      </td>
      <td
        className="text-left">
        WD
      </td>
      <td
        className="text-left">
        4
      </td>
      <td
        className="text-left">
        10th
      </td>
    </tr>
    <tr>
      <td
        className="text-left">
        Barry
      </td>
      <td
        className="text-left">
        WD
      </td>
      <td
        className="text-left">
        3
      </td>
      <td
        className="text-left">
        11th
      </td>
    </tr>
  </tbody>
</table>
`;
